Microchip MPLAB XC8 Compiler V2.36

Linker command line:

-W-3 \
  --edf=G:\nainstalovane_programy\Microchip\xc8\v2.36\pic\dat\en_msgs.txt \
  -cn -h+dist/default/production\projekt.X.production.sym \
  --cmf=dist/default/production\projekt.X.production.cmf -z -Q16F917 \
  -oC:\Users\Matej\AppData\Local\Temp\xcAscoc.4 --defsym=__MPLAB_BUILD=1 \
  -Mdist/default/production/projekt.X.production.map \
  --md=C:\Users\Matej\AppData\Local\Temp\xcAscoc.dat -E1 -ver=XC8 Compiler \
  --acfsm=1493 -ACODE=00h-07FFhx4 -ASTRCODE=00h-01FFFh -ASTRING=00h-0FFhx32 \
  -ACONST=00h-0FFhx32 -AENTRY=00h-0FFhx32 -ACOMMON=070h-07Fh \
  -ABANK0=020h-06Fh -ABANK1=0A0h-0EFh -ABANK2=0120h-016Fh \
  -ABANK3=0190h-01EFh -ARAM=020h-06Fh,0A0h-0EFh,0120h-016Fh,0190h-01EFh \
  -AABS1=020h-07Fh,0A0h-0EFh,0120h-016Fh,0190h-01EFh -ASFR0=00h-01Fh \
  -ASFR1=080h-09Fh -ASFR2=0100h-011Fh -ASFR3=0180h-018Fh \
  -ACONFIG=02007h-02007h -DCONFIG=2 -AIDLOC=02000h-02003h -DIDLOC=2 \
  -AEEDATA=00h-0FFh/02100h -peeprom_data=EEDATA -DEEDATA=2 -DCODE=2 \
  -DSTRCODE=2 -DSTRING=2 -DCONST=2 -DENTRY=2 \
  -preset_vec=00h,intentry,init,end_init -ppowerup=CODE -pcinit=CODE \
  -pfunctab=ENTRY -k C:\Users\Matej\AppData\Local\Temp\xcAscoc.o \
  dist/default/production\projekt.X.production.o 

Object code version is 3.11

Machine type is 16F917



                Name                               Link     Load   Length Selector   Space Scale
C:\Users\Matej\AppData\Local\Temp\xcAscoc.o
                end_init                              0        0        3        0       0
                config                             2007     2007        1        0       4
                idloc                              2000     2000        4        0       5
dist/default/production\projekt.X.production.o
                cinit                               7FC      7FC        4      FF8       0
                config                             2007     2007        1        0       4
                idloc                              2000     2000        4        0       5
                text5                               79E      79E        A      F3C       0
                text4                               797      797        1      F2E       0
                text3                               7DD      7DD       1F      FBA       0
                text2                               798      798        6      F30       0
                text1                               7A8      7A8       18      F50       0
                maintext                            7C0      7C0       1D      F80       0
                cstackCOMMON                         70       70        5       70       1
                strings                               3        3        C        6       0

TOTAL           Name                               Link     Load   Length     Space
        CLASS   CODE           
                end_init                              0        0        3         0
                cinit                               7FC      7FC        4         0
                text5                               79E      79E        A         0
                text4                               797      797        1         0
                text3                               7DD      7DD       1F         0
                text2                               798      798        6         0
                text1                               7A8      7A8       18         0
                maintext                            7C0      7C0       1D         0

        CLASS   STRCODE        

        CLASS   STRING         
                strings                               3        3        C         0

        CLASS   CONST          

        CLASS   ENTRY          

        CLASS   COMMON         
                cstackCOMMON                         70       70        5         1

        CLASS   BANK0          

        CLASS   BANK1          

        CLASS   BANK2          

        CLASS   BANK3          

        CLASS   RAM            

        CLASS   ABS1           
                abs_s1                               7E       7E        2         1

        CLASS   SFR0           

        CLASS   SFR1           

        CLASS   SFR2           

        CLASS   SFR3           

        CLASS   CONFIG         
                config                             2007     2007        1         4

        CLASS   IDLOC          
                idloc                              2000     2000        4         5

        CLASS   EEDATA         

        CLASS   STACK          



SEGMENTS        Name                           Load    Length   Top    Selector   Space  Class     Delta

                reset_vec                      000000  000003  000003         0       0  CODE        2
                strings                        000003  00000C  00000F         6       0  STRING      2
                cstackCOMMON                   000070  000005  000075        70       1  COMMON      1
                text4                          000797  000001  000798       F2E       0  CODE        2
                text2                          000798  000006  00079E       F30       0  CODE        2
                text5                          00079E  00000A  0007A8       F3C       0  CODE        2
                text1                          0007A8  000018  0007C0       F50       0  CODE        2
                maintext                       0007C0  00001D  0007DD       F80       0  CODE        2
                text3                          0007DD  00001F  0007FC       FBA       0  CODE        2
                cinit                          0007FC  000004  000800       FF8       0  CODE        2


UNUSED ADDRESS RANGES

        Name                Unused          Largest block    Delta
        BANK0            0020-006F             50           1
        BANK1            00A0-00EF             50           1
        BANK2            0120-016F             50           1
        BANK3            0190-01EF             60           1
        CODE             000F-0796            788           2
                         0800-1FFF            800
        COMMON           0075-007D              9           1
        CONST            000F-0796            100           2
                         0800-1FFF            100
        EEDATA           2100-21FF            100           2
        ENTRY            000F-0796            100           2
                         0800-1FFF            100
        RAM              0020-006F             50           1
                         00A0-00EF             50
                         0120-016F             50
                         0190-01EF             60
        SFR0             0000-001F             20           1
        SFR1             0080-009F             20           1
        SFR2             0100-011F             20           1
        SFR3             0180-018F             10           1
        STRCODE          000F-0796            788           2
                         0800-1FFF           1800
        STRING           000F-0796            100           2
                         0800-1FFF            100

                                  Symbol Table

?_printf                 cstackCOMMON 0070
_INTCON                  (abs)        000B
_OSCCON                  (abs)        008F
_RCSTA                   (abs)        0018
_SPBRG                   (abs)        0099
_TXEN                    (abs)        04C5
_TXIE                    (abs)        0464
_TXREG                   (abs)        0019
_TXSTA                   (abs)        0098
__Habs1                  abs1         0000
__Hbank0                 bank0        0000
__Hbank1                 bank1        0000
__Hbank2                 bank2        0000
__Hbank3                 bank3        0000
__Hcinit                 cinit        0800
__Hclrtext               clrtext      0000
__Hcode                  code         0000
__Hcommon                common       0000
__Hconfig                config       2008
__HcstackCOMMON          cstackCOMMON 0000
__Heeprom_data           eeprom_data  0000
__Hend_init              end_init     0003
__Hfunctab               functab      0000
__Hidloc                 idloc        2004
__Hinit                  init         0000
__Hintentry              intentry     0000
__Hmaintext              maintext     0000
__Hpowerup               powerup      0000
__Hram                   ram          0000
__Hreset_vec             reset_vec    0000
__Hsfr0                  sfr0         0000
__Hsfr1                  sfr1         0000
__Hsfr2                  sfr2         0000
__Hsfr3                  sfr3         0000
__Hspace_0               (abs)        0800
__Hspace_1               (abs)        0075
__Hspace_2               (abs)        0000
__Hspace_3               (abs)        0000
__Hspace_4               (abs)        400F
__Hstack                 stack        0000
__Hstrings               strings      0000
__Htext                  text         0000
__Labs1                  abs1         0000
__Lbank0                 bank0        0000
__Lbank1                 bank1        0000
__Lbank2                 bank2        0000
__Lbank3                 bank3        0000
__Lcinit                 cinit        07FC
__Lclrtext               clrtext      0000
__Lcode                  code         0000
__Lcommon                common       0000
__Lconfig                config       0000
__LcstackCOMMON          cstackCOMMON 0000
__Leeprom_data           eeprom_data  0000
__Lend_init              end_init     0000
__Lfunctab               functab      0000
__Lidloc                 idloc        0000
__Linit                  init         0000
__Lintentry              intentry     0000
__Lmaintext              maintext     0000
__Lpowerup               powerup      0000
__Lram                   ram          0000
__Lreset_vec             reset_vec    0000
__Lsfr0                  sfr0         0000
__Lsfr1                  sfr1         0000
__Lsfr2                  sfr2         0000
__Lsfr3                  sfr3         0000
__Lspace_0               (abs)        0000
__Lspace_1               (abs)        0000
__Lspace_2               (abs)        0000
__Lspace_3               (abs)        0000
__Lspace_4               (abs)        0000
__Lstack                 stack        0000
__Lstrings               strings      0000
__Ltext                  text         0000
__S0                     (abs)        0800
__S1                     (abs)        0075
__S3                     (abs)        0000
___int_sp                stack        0000
___latbits               (abs)        0002
___sp                    stack        0000
___stackhi               (abs)        0000
___stacklo               (abs)        0000
__end_of__initialization cinit        07FC
__end_of__stringtab      strings      0009
__end_of_clock_init      text5        07A8
__end_of_main            maintext     07DD
__end_of_printf          text3        07FC
__end_of_putch           text4        0798
__end_of_uart_send_char  text2        079E
__end_of_usart_init      text1        07C0
__initialization         cinit        07FC
__pcstackCOMMON          cstackCOMMON 0070
__pmaintext              maintext     07C0
__pstrings               strings      0003
__ptext1                 text1        07A8
__ptext2                 text2        0798
__ptext3                 text3        07DD
__ptext4                 text4        0797
__ptext5                 text5        079E
__stringbase             strings      0008
__stringtab              strings      0003
_clock_init              text5        079E
_main                    maintext     07C0
_printf                  text3        07DD
_putch                   text4        0797
_uart_send_char          text2        0798
_usart_init              text1        07A8
btemp                    (abs)        007E
clock_init@bits          cstackCOMMON 0070
end_of_initialization    cinit        07FC
intlevel0                functab      0000
intlevel1                functab      0000
intlevel2                functab      0000
intlevel3                functab      0000
intlevel4                functab      0000
intlevel5                functab      0000
main@inter_bits          cstackCOMMON 0074
printf@ap                cstackCOMMON 0071
printf@c                 cstackCOMMON 0072
printf@f                 cstackCOMMON 0073
reset_vec                reset_vec    0000
start                    init         0000
start_initialization     cinit        07FC
uart_send_char@c         cstackCOMMON 0070
usart_init@rx_bits       cstackCOMMON 0071
usart_init@tx_bits       cstackCOMMON 0070
wtemp0                   (abs)        007E


MODULE INFORMATION

Module		Function		Class		Link	Load	Size
G:\nainstalovane_programy\Microchip\xc8\v2.36\pic\sources\c90\common\putch.c
		_putch         		CODE           	0797	0000	1

G:\nainstalovane_programy\Microchip\xc8\v2.36\pic\sources\c90\common\putch.c estimated size: 1

uart.c
		_usart_init    		CODE           	07A8	0000	24
		_uart_send_char		CODE           	0798	0000	6

uart.c estimated size: 30

shared
		__stringtab    		STRING         	0003	0000	6
		__initialization		CODE           	07FC	0000	1

shared estimated size: 7

G:\nainstalovane_programy\Microchip\xc8\v2.36\pic\sources\c90\common\doprnt.c
		_printf        		CODE           	07DD	0000	31

G:\nainstalovane_programy\Microchip\xc8\v2.36\pic\sources\c90\common\doprnt.c estimated size: 31

main.c
		_clock_init    		CODE           	079E	0000	10
		_main          		CODE           	07C0	0000	29

main.c estimated size: 39

